// Jest Snapshot v1, https://goo.gl/fbAQLP

exports[`Footer Component matches snapshot 1`] = `
<footer>
  <p>
    Â© 2025 NASA Explorer
  </p>
</footer>
`;
