// Jest Snapshot v1, https://goo.gl/fbAQLP

exports[`MarsRover Component MarsRover Component matches snapshot 1`] = `
<div
  class="mars-container "
>
  <div
    class="filter-section"
  >
    <label
      for="camera-filter"
    >
      Select Camera: 
    </label>
    <select
      id="camera-filter"
    >
      <option
        value="ALL"
      >
        ALL
      </option>
      <option
        value="FHAZ"
      >
        FHAZ
      </option>
      <option
        value="RHAZ"
      >
        RHAZ
      </option>
      <option
        value="MAST"
      >
        MAST
      </option>
      <option
        value="CHEMCAM"
      >
        CHEMCAM
      </option>
      <option
        value="MAHLI"
      >
        MAHLI
      </option>
      <option
        value="MARDI"
      >
        MARDI
      </option>
      <option
        value="NAVCAM"
      >
        NAVCAM
      </option>
      <option
        value="PANCAM"
      >
        PANCAM
      </option>
      <option
        value="MINITES"
      >
        MINITES
      </option>
    </select>
  </div>
  <div
    class="photo-grid"
  >
    <div
      class="photo-card"
    >
      <img
        alt="Mars Rover 123"
        src="test.jpg"
      />
      <div
        class="photo-info"
      >
        <p>
          <strong>
            Camera:
          </strong>
           
          Front Hazard Avoidance Camera
        </p>
        <p>
          <strong>
            Date:
          </strong>
           
          2025-02-15
        </p>
        <p>
          <strong>
            Rover:
          </strong>
           
          Curiosity
        </p>
      </div>
    </div>
  </div>
</div>
`;
