// Jest Snapshot v1, https://goo.gl/fbAQLP

exports[`AsteroidTracker Component AsteroidTracker Component matches snapshot 1`] = `
<div
  class="neo-container"
>
  <div
    class="chart-section"
  >
    <h2
      class="chart-title"
    >
      Near Earth Objects Today
    </h2>
    <div
      class="chart-wrapper"
    >
      <div
        class="recharts-responsive-container"
        style="width: 100%; height: 100%; min-width: 0;"
      />
    </div>
  </div>
  <div
    class="asteroid-grid"
  >
    <div
      class="asteroid-card hazardous"
    >
      <div
        class="asteroid-header"
      >
        <h3
          class="asteroid-name"
        >
          Asteroid XYZ
        </h3>
        <svg
          class="hazard-icon"
          fill="none"
          height="24"
          stroke="currentColor"
          stroke-linecap="round"
          stroke-linejoin="round"
          stroke-width="2"
          viewBox="0 0 24 24"
          width="24"
          xmlns="http://www.w3.org/2000/svg"
        >
          <path
            d="m21.73 18-8-14a2 2 0 0 0-3.48 0l-8 14A2 2 0 0 0 4 21h16a2 2 0 0 0 1.73-3Z"
          />
          <path
            d="M12 9v4"
          />
          <path
            d="M12 17h.01"
          />
        </svg>
      </div>
      <div
        class="asteroid-info"
      >
        <p>
          <strong>
            Magnitude:
          </strong>
           
          21.50
        </p>
        <p>
          <strong>
            Miss Distance:
          </strong>
           
          5,00,000
           
          km
        </p>
        <p>
          <strong>
            Velocity:
          </strong>
           
          25,000
           
          km/h
        </p>
      </div>
    </div>
  </div>
</div>
`;

exports[`AsteroidTracker Component matches snapshot 1`] = `
<div
  class="neo-container"
>
  <div
    class="chart-section"
  >
    <h2
      class="chart-title"
    >
      Near Earth Objects Today
    </h2>
    <div
      class="chart-wrapper"
    >
      <div
        class="recharts-responsive-container"
        style="width: 100%; height: 100%; min-width: 0;"
      />
    </div>
  </div>
  <div
    class="asteroid-grid"
  >
    <div
      class="asteroid-card hazardous"
    >
      <div
        class="asteroid-header"
      >
        <h3
          class="asteroid-name"
        >
          Asteroid XYZ
        </h3>
        <svg
          class="hazard-icon"
          fill="none"
          height="24"
          stroke="currentColor"
          stroke-linecap="round"
          stroke-linejoin="round"
          stroke-width="2"
          viewBox="0 0 24 24"
          width="24"
          xmlns="http://www.w3.org/2000/svg"
        >
          <path
            d="m21.73 18-8-14a2 2 0 0 0-3.48 0l-8 14A2 2 0 0 0 4 21h16a2 2 0 0 0 1.73-3Z"
          />
          <path
            d="M12 9v4"
          />
          <path
            d="M12 17h.01"
          />
        </svg>
      </div>
      <div
        class="asteroid-info"
      >
        <p>
          <strong>
            Magnitude:
          </strong>
           
          21.50
        </p>
        <p>
          <strong>
            Miss Distance:
          </strong>
           
          5,00,000
           
          km
        </p>
        <p>
          <strong>
            Velocity:
          </strong>
           
          25,000
           
          km/h
        </p>
      </div>
    </div>
  </div>
</div>
`;
